
> rafael-portfolio-v2@0.1.0 build
> next build

▲ Next.js 16.1.4 (Turbopack)

  Creating an optimized production build ...
✓ Compiled successfully in 5.9s
  Running TypeScript ...
  Collecting page data using 7 workers ...
  Generating static pages using 7 workers (0/11) ...
  Generating static pages using 7 workers (2/11) 
  Generating static pages using 7 workers (5/11) 
  Generating static pages using 7 workers (8/11) 
✓ Generating static pages using 7 workers (11/11) in 1410.4ms
  Finalizing page optimization ...

Route (app)
┌ ○ /
├ ○ /_not-found
├ ○ /projects
├ ● /projects/[slug]
│ ├ /projects/time-tracker
│ ├ /projects/wordpress-auto-blog-post
│ ├ /projects/ghl-onboarding-automation
│ └ /projects/crimestat-api
├ ○ /robots.txt
└ ○ /sitemap.xml


○  (Static)  prerendered as static content
●  (SSG)     prerendered as static HTML (uses generateStaticParams)

